// Jest Snapshot v1, https://goo.gl/fbAQLP

exports[`SummarySection should display address 1`] = `
<View
  style={
    Object {
      "marginHorizontal": 15,
      "marginVertical": 7.5,
    }
  }
>
  <View
    accessible={true}
    isTVSelectable={true}
    onResponderGrant={[Function]}
    onResponderMove={[Function]}
    onResponderRelease={[Function]}
    onResponderTerminate={[Function]}
    onResponderTerminationRequest={[Function]}
    onStartShouldSetResponder={[Function]}
    style={
      Object {
        "flexBasis": 150,
        "opacity": 1,
      }
    }
  >
    <View
      style={
        Array [
          Object {
            "backgroundColor": "#FFFFFF",
            "paddingHorizontal": 15,
            "paddingVertical": 10,
          },
          undefined,
          false,
        ]
      }
    >
      <View
        style={
          Object {
            "marginRight": 15,
          }
        }
      >
        <View
          style={Object {}}
        >
          <Text
            accessible={true}
            allowFontScaling={true}
            ellipsizeMode="tail"
            numberOfLines={1}
            style={
              Array [
                Object {
                  "backgroundColor": "rgba(255, 255, 255, 0)",
                  "color": "rgb(30, 30, 30)",
                  "fontSize": 14,
                  "fontWeight": "300",
                },
                undefined,
              ]
            }
          >
            Emailing receipt to
          </Text>
        </View>
      </View>
      <View
        style={
          Array [
            Object {
              "alignItems": "center",
              "flex": 1,
              "flexDirection": "row",
              "justifyContent": "space-between",
            },
            undefined,
          ]
        }
      >
        <Text
          accessible={true}
          allowFontScaling={true}
          ellipsizeMode="tail"
          numberOfLines={1}
          style={
            Object {
              "backgroundColor": "rgba(255, 255, 255, 0)",
              "color": "#000000",
              "fontSize": 14,
              "fontWeight": "600",
            }
          }
          testID="emailValue"
        />
        <View
          style={
            Object {
              "alignItems": "flex-end",
              "flex": 1,
              "justifyContent": "center",
            }
          }
        >
          <Text
            accessible={true}
            allowFontScaling={false}
            ellipsizeMode="tail"
            style={
              Array [
                Object {
                  "color": "#999999",
                  "fontSize": 16,
                },
                undefined,
                Object {
                  "fontFamily": "Material Icons",
                  "fontStyle": "normal",
                  "fontWeight": "normal",
                },
              ]
            }
          >
            
          </Text>
        </View>
      </View>
    </View>
  </View>
  <View
    accessible={true}
    isTVSelectable={true}
    onResponderGrant={[Function]}
    onResponderMove={[Function]}
    onResponderRelease={[Function]}
    onResponderTerminate={[Function]}
    onResponderTerminationRequest={[Function]}
    onStartShouldSetResponder={[Function]}
    style={
      Object {
        "flexBasis": 150,
        "opacity": 1,
      }
    }
  >
    <View
      style={
        Array [
          Object {
            "backgroundColor": "#FFFFFF",
            "paddingHorizontal": 15,
            "paddingVertical": 10,
          },
          undefined,
          false,
        ]
      }
    >
      <View
        style={
          Object {
            "marginRight": 15,
          }
        }
      >
        <View
          style={Object {}}
        >
          <Text
            accessible={true}
            allowFontScaling={true}
            ellipsizeMode="tail"
            numberOfLines={1}
            style={
              Array [
                Object {
                  "backgroundColor": "rgba(255, 255, 255, 0)",
                  "color": "rgb(30, 30, 30)",
                  "fontSize": 14,
                  "fontWeight": "300",
                },
                undefined,
              ]
            }
          >
            Shipping to
          </Text>
        </View>
      </View>
      <View
        style={
          Array [
            Object {
              "alignItems": "center",
              "flex": 1,
              "flexDirection": "row",
              "justifyContent": "space-between",
            },
            undefined,
          ]
        }
      >
        <Text
          accessible={true}
          allowFontScaling={true}
          ellipsizeMode="tail"
          numberOfLines={1}
          style={
            Object {
              "backgroundColor": "rgba(255, 255, 255, 0)",
              "color": "#000000",
              "fontSize": 14,
              "fontWeight": "600",
            }
          }
          testID="shippingValue"
        >
          test
        </Text>
        <View
          style={
            Object {
              "alignItems": "flex-end",
              "flex": 1,
              "justifyContent": "center",
            }
          }
        >
          <Text
            accessible={true}
            allowFontScaling={false}
            ellipsizeMode="tail"
            style={
              Array [
                Object {
                  "color": "#999999",
                  "fontSize": 16,
                },
                undefined,
                Object {
                  "fontFamily": "Material Icons",
                  "fontStyle": "normal",
                  "fontWeight": "normal",
                },
              ]
            }
          >
            
          </Text>
        </View>
      </View>
    </View>
  </View>
  <View
    accessible={true}
    isTVSelectable={true}
    onResponderGrant={[Function]}
    onResponderMove={[Function]}
    onResponderRelease={[Function]}
    onResponderTerminate={[Function]}
    onResponderTerminationRequest={[Function]}
    onStartShouldSetResponder={[Function]}
    style={
      Object {
        "flexBasis": 150,
        "opacity": 1,
      }
    }
  >
    <View
      style={
        Array [
          Object {
            "backgroundColor": "#FFFFFF",
            "paddingHorizontal": 15,
            "paddingVertical": 10,
          },
          undefined,
          false,
        ]
      }
    >
      <View
        style={
          Object {
            "marginRight": 15,
          }
        }
      >
        <View
          style={Object {}}
        >
          <Text
            accessible={true}
            allowFontScaling={true}
            ellipsizeMode="tail"
            numberOfLines={1}
            style={
              Array [
                Object {
                  "backgroundColor": "rgba(255, 255, 255, 0)",
                  "color": "rgb(30, 30, 30)",
                  "fontSize": 14,
                  "fontWeight": "300",
                },
                undefined,
              ]
            }
          >
            Payment via
          </Text>
        </View>
      </View>
      <View
        style={
          Array [
            Object {
              "alignItems": "center",
              "flex": 1,
              "flexDirection": "row",
              "justifyContent": "space-between",
            },
            undefined,
          ]
        }
      >
        <Text
          accessible={true}
          allowFontScaling={false}
          ellipsizeMode="tail"
          style={
            Array [
              Object {
                "color": "rgb(30, 30, 30)",
                "fontSize": 16,
              },
              Object {
                "marginRight": 7.5,
              },
              Object {
                "fontFamily": "FontAwesome",
                "fontStyle": "normal",
                "fontWeight": "normal",
              },
            ]
          }
        >
          
        </Text>
        <Text
          accessible={true}
          allowFontScaling={true}
          ellipsizeMode="tail"
          numberOfLines={1}
          style={
            Object {
              "backgroundColor": "rgba(255, 255, 255, 0)",
              "color": "#000000",
              "fontSize": 14,
              "fontWeight": "600",
            }
          }
          testID="paymentValue"
        >
          Ending in undefined
        </Text>
        <View
          style={
            Object {
              "alignItems": "flex-end",
              "flex": 1,
              "justifyContent": "center",
            }
          }
        >
          <Text
            accessible={true}
            allowFontScaling={false}
            ellipsizeMode="tail"
            style={
              Array [
                Object {
                  "color": "#999999",
                  "fontSize": 16,
                },
                undefined,
                Object {
                  "fontFamily": "Material Icons",
                  "fontStyle": "normal",
                  "fontWeight": "normal",
                },
              ]
            }
          >
            
          </Text>
        </View>
      </View>
    </View>
  </View>
</View>
`;

exports[`SummarySection should display email 1`] = `
<View
  style={
    Object {
      "marginHorizontal": 15,
      "marginVertical": 7.5,
    }
  }
>
  <View
    accessible={true}
    isTVSelectable={true}
    onResponderGrant={[Function]}
    onResponderMove={[Function]}
    onResponderRelease={[Function]}
    onResponderTerminate={[Function]}
    onResponderTerminationRequest={[Function]}
    onStartShouldSetResponder={[Function]}
    style={
      Object {
        "flexBasis": 150,
        "opacity": 1,
      }
    }
  >
    <View
      style={
        Array [
          Object {
            "backgroundColor": "#FFFFFF",
            "paddingHorizontal": 15,
            "paddingVertical": 10,
          },
          undefined,
          false,
        ]
      }
    >
      <View
        style={
          Object {
            "marginRight": 15,
          }
        }
      >
        <View
          style={Object {}}
        >
          <Text
            accessible={true}
            allowFontScaling={true}
            ellipsizeMode="tail"
            numberOfLines={1}
            style={
              Array [
                Object {
                  "backgroundColor": "rgba(255, 255, 255, 0)",
                  "color": "rgb(30, 30, 30)",
                  "fontSize": 14,
                  "fontWeight": "300",
                },
                undefined,
              ]
            }
          >
            Emailing receipt to
          </Text>
        </View>
      </View>
      <View
        style={
          Array [
            Object {
              "alignItems": "center",
              "flex": 1,
              "flexDirection": "row",
              "justifyContent": "space-between",
            },
            undefined,
          ]
        }
      >
        <Text
          accessible={true}
          allowFontScaling={true}
          ellipsizeMode="tail"
          numberOfLines={1}
          style={
            Object {
              "backgroundColor": "rgba(255, 255, 255, 0)",
              "color": "#000000",
              "fontSize": 14,
              "fontWeight": "600",
            }
          }
          testID="emailValue"
        >
          test@test.com
        </Text>
        <View
          style={
            Object {
              "alignItems": "flex-end",
              "flex": 1,
              "justifyContent": "center",
            }
          }
        >
          <Text
            accessible={true}
            allowFontScaling={false}
            ellipsizeMode="tail"
            style={
              Array [
                Object {
                  "color": "#999999",
                  "fontSize": 16,
                },
                undefined,
                Object {
                  "fontFamily": "Material Icons",
                  "fontStyle": "normal",
                  "fontWeight": "normal",
                },
              ]
            }
          >
            
          </Text>
        </View>
      </View>
    </View>
  </View>
  <View
    accessible={true}
    isTVSelectable={true}
    onResponderGrant={[Function]}
    onResponderMove={[Function]}
    onResponderRelease={[Function]}
    onResponderTerminate={[Function]}
    onResponderTerminationRequest={[Function]}
    onStartShouldSetResponder={[Function]}
    style={
      Object {
        "flexBasis": 150,
        "opacity": 1,
      }
    }
  >
    <View
      style={
        Array [
          Object {
            "backgroundColor": "#FFFFFF",
            "paddingHorizontal": 15,
            "paddingVertical": 10,
          },
          undefined,
          false,
        ]
      }
    >
      <View
        style={
          Object {
            "marginRight": 15,
          }
        }
      >
        <View
          style={Object {}}
        >
          <Text
            accessible={true}
            allowFontScaling={true}
            ellipsizeMode="tail"
            numberOfLines={1}
            style={
              Array [
                Object {
                  "backgroundColor": "rgba(255, 255, 255, 0)",
                  "color": "rgb(30, 30, 30)",
                  "fontSize": 14,
                  "fontWeight": "300",
                },
                undefined,
              ]
            }
          >
            Shipping to
          </Text>
        </View>
      </View>
      <View
        style={
          Array [
            Object {
              "alignItems": "center",
              "flex": 1,
              "flexDirection": "row",
              "justifyContent": "space-between",
            },
            undefined,
          ]
        }
      >
        <Text
          accessible={true}
          allowFontScaling={true}
          ellipsizeMode="tail"
          numberOfLines={1}
          style={
            Object {
              "backgroundColor": "rgba(255, 255, 255, 0)",
              "color": "#000000",
              "fontSize": 14,
              "fontWeight": "600",
            }
          }
          testID="shippingValue"
        >
          
        </Text>
        <View
          style={
            Object {
              "alignItems": "flex-end",
              "flex": 1,
              "justifyContent": "center",
            }
          }
        >
          <Text
            accessible={true}
            allowFontScaling={false}
            ellipsizeMode="tail"
            style={
              Array [
                Object {
                  "color": "#999999",
                  "fontSize": 16,
                },
                undefined,
                Object {
                  "fontFamily": "Material Icons",
                  "fontStyle": "normal",
                  "fontWeight": "normal",
                },
              ]
            }
          >
            
          </Text>
        </View>
      </View>
    </View>
  </View>
  <View
    accessible={true}
    isTVSelectable={true}
    onResponderGrant={[Function]}
    onResponderMove={[Function]}
    onResponderRelease={[Function]}
    onResponderTerminate={[Function]}
    onResponderTerminationRequest={[Function]}
    onStartShouldSetResponder={[Function]}
    style={
      Object {
        "flexBasis": 150,
        "opacity": 1,
      }
    }
  >
    <View
      style={
        Array [
          Object {
            "backgroundColor": "#FFFFFF",
            "paddingHorizontal": 15,
            "paddingVertical": 10,
          },
          undefined,
          false,
        ]
      }
    >
      <View
        style={
          Object {
            "marginRight": 15,
          }
        }
      >
        <View
          style={Object {}}
        >
          <Text
            accessible={true}
            allowFontScaling={true}
            ellipsizeMode="tail"
            numberOfLines={1}
            style={
              Array [
                Object {
                  "backgroundColor": "rgba(255, 255, 255, 0)",
                  "color": "rgb(30, 30, 30)",
                  "fontSize": 14,
                  "fontWeight": "300",
                },
                undefined,
              ]
            }
          >
            Payment via
          </Text>
        </View>
      </View>
      <View
        style={
          Array [
            Object {
              "alignItems": "center",
              "flex": 1,
              "flexDirection": "row",
              "justifyContent": "space-between",
            },
            undefined,
          ]
        }
      >
        <Text
          accessible={true}
          allowFontScaling={false}
          ellipsizeMode="tail"
          style={
            Array [
              Object {
                "color": "rgb(30, 30, 30)",
                "fontSize": 16,
              },
              Object {
                "marginRight": 7.5,
              },
              Object {
                "fontFamily": "FontAwesome",
                "fontStyle": "normal",
                "fontWeight": "normal",
              },
            ]
          }
        >
          
        </Text>
        <Text
          accessible={true}
          allowFontScaling={true}
          ellipsizeMode="tail"
          numberOfLines={1}
          style={
            Object {
              "backgroundColor": "rgba(255, 255, 255, 0)",
              "color": "#000000",
              "fontSize": 14,
              "fontWeight": "600",
            }
          }
          testID="paymentValue"
        >
          Ending in undefined
        </Text>
        <View
          style={
            Object {
              "alignItems": "flex-end",
              "flex": 1,
              "justifyContent": "center",
            }
          }
        >
          <Text
            accessible={true}
            allowFontScaling={false}
            ellipsizeMode="tail"
            style={
              Array [
                Object {
                  "color": "#999999",
                  "fontSize": 16,
                },
                undefined,
                Object {
                  "fontFamily": "Material Icons",
                  "fontStyle": "normal",
                  "fontWeight": "normal",
                },
              ]
            }
          >
            
          </Text>
        </View>
      </View>
    </View>
  </View>
</View>
`;

exports[`SummarySection should display payment 1`] = `
<View
  style={
    Object {
      "marginHorizontal": 15,
      "marginVertical": 7.5,
    }
  }
>
  <View
    accessible={true}
    isTVSelectable={true}
    onResponderGrant={[Function]}
    onResponderMove={[Function]}
    onResponderRelease={[Function]}
    onResponderTerminate={[Function]}
    onResponderTerminationRequest={[Function]}
    onStartShouldSetResponder={[Function]}
    style={
      Object {
        "flexBasis": 150,
        "opacity": 1,
      }
    }
  >
    <View
      style={
        Array [
          Object {
            "backgroundColor": "#FFFFFF",
            "paddingHorizontal": 15,
            "paddingVertical": 10,
          },
          undefined,
          false,
        ]
      }
    >
      <View
        style={
          Object {
            "marginRight": 15,
          }
        }
      >
        <View
          style={Object {}}
        >
          <Text
            accessible={true}
            allowFontScaling={true}
            ellipsizeMode="tail"
            numberOfLines={1}
            style={
              Array [
                Object {
                  "backgroundColor": "rgba(255, 255, 255, 0)",
                  "color": "rgb(30, 30, 30)",
                  "fontSize": 14,
                  "fontWeight": "300",
                },
                undefined,
              ]
            }
          >
            Emailing receipt to
          </Text>
        </View>
      </View>
      <View
        style={
          Array [
            Object {
              "alignItems": "center",
              "flex": 1,
              "flexDirection": "row",
              "justifyContent": "space-between",
            },
            undefined,
          ]
        }
      >
        <Text
          accessible={true}
          allowFontScaling={true}
          ellipsizeMode="tail"
          numberOfLines={1}
          style={
            Object {
              "backgroundColor": "rgba(255, 255, 255, 0)",
              "color": "#000000",
              "fontSize": 14,
              "fontWeight": "600",
            }
          }
          testID="emailValue"
        />
        <View
          style={
            Object {
              "alignItems": "flex-end",
              "flex": 1,
              "justifyContent": "center",
            }
          }
        >
          <Text
            accessible={true}
            allowFontScaling={false}
            ellipsizeMode="tail"
            style={
              Array [
                Object {
                  "color": "#999999",
                  "fontSize": 16,
                },
                undefined,
                Object {
                  "fontFamily": "Material Icons",
                  "fontStyle": "normal",
                  "fontWeight": "normal",
                },
              ]
            }
          >
            
          </Text>
        </View>
      </View>
    </View>
  </View>
  <View
    accessible={true}
    isTVSelectable={true}
    onResponderGrant={[Function]}
    onResponderMove={[Function]}
    onResponderRelease={[Function]}
    onResponderTerminate={[Function]}
    onResponderTerminationRequest={[Function]}
    onStartShouldSetResponder={[Function]}
    style={
      Object {
        "flexBasis": 150,
        "opacity": 1,
      }
    }
  >
    <View
      style={
        Array [
          Object {
            "backgroundColor": "#FFFFFF",
            "paddingHorizontal": 15,
            "paddingVertical": 10,
          },
          undefined,
          false,
        ]
      }
    >
      <View
        style={
          Object {
            "marginRight": 15,
          }
        }
      >
        <View
          style={Object {}}
        >
          <Text
            accessible={true}
            allowFontScaling={true}
            ellipsizeMode="tail"
            numberOfLines={1}
            style={
              Array [
                Object {
                  "backgroundColor": "rgba(255, 255, 255, 0)",
                  "color": "rgb(30, 30, 30)",
                  "fontSize": 14,
                  "fontWeight": "300",
                },
                undefined,
              ]
            }
          >
            Shipping to
          </Text>
        </View>
      </View>
      <View
        style={
          Array [
            Object {
              "alignItems": "center",
              "flex": 1,
              "flexDirection": "row",
              "justifyContent": "space-between",
            },
            undefined,
          ]
        }
      >
        <Text
          accessible={true}
          allowFontScaling={true}
          ellipsizeMode="tail"
          numberOfLines={1}
          style={
            Object {
              "backgroundColor": "rgba(255, 255, 255, 0)",
              "color": "#000000",
              "fontSize": 14,
              "fontWeight": "600",
            }
          }
          testID="shippingValue"
        >
          
        </Text>
        <View
          style={
            Object {
              "alignItems": "flex-end",
              "flex": 1,
              "justifyContent": "center",
            }
          }
        >
          <Text
            accessible={true}
            allowFontScaling={false}
            ellipsizeMode="tail"
            style={
              Array [
                Object {
                  "color": "#999999",
                  "fontSize": 16,
                },
                undefined,
                Object {
                  "fontFamily": "Material Icons",
                  "fontStyle": "normal",
                  "fontWeight": "normal",
                },
              ]
            }
          >
            
          </Text>
        </View>
      </View>
    </View>
  </View>
  <View
    accessible={true}
    isTVSelectable={true}
    onResponderGrant={[Function]}
    onResponderMove={[Function]}
    onResponderRelease={[Function]}
    onResponderTerminate={[Function]}
    onResponderTerminationRequest={[Function]}
    onStartShouldSetResponder={[Function]}
    style={
      Object {
        "flexBasis": 150,
        "opacity": 1,
      }
    }
  >
    <View
      style={
        Array [
          Object {
            "backgroundColor": "#FFFFFF",
            "paddingHorizontal": 15,
            "paddingVertical": 10,
          },
          undefined,
          false,
        ]
      }
    >
      <View
        style={
          Object {
            "marginRight": 15,
          }
        }
      >
        <View
          style={Object {}}
        >
          <Text
            accessible={true}
            allowFontScaling={true}
            ellipsizeMode="tail"
            numberOfLines={1}
            style={
              Array [
                Object {
                  "backgroundColor": "rgba(255, 255, 255, 0)",
                  "color": "rgb(30, 30, 30)",
                  "fontSize": 14,
                  "fontWeight": "300",
                },
                undefined,
              ]
            }
          >
            Payment via
          </Text>
        </View>
      </View>
      <View
        style={
          Array [
            Object {
              "alignItems": "center",
              "flex": 1,
              "flexDirection": "row",
              "justifyContent": "space-between",
            },
            undefined,
          ]
        }
      >
        <Text
          accessible={true}
          allowFontScaling={false}
          ellipsizeMode="tail"
          style={
            Array [
              Object {
                "color": "rgb(30, 30, 30)",
                "fontSize": 16,
              },
              Object {
                "marginRight": 7.5,
              },
              Object {
                "fontFamily": "FontAwesome",
                "fontStyle": "normal",
                "fontWeight": "normal",
              },
            ]
          }
        >
          
        </Text>
        <Text
          accessible={true}
          allowFontScaling={true}
          ellipsizeMode="tail"
          numberOfLines={1}
          style={
            Object {
              "backgroundColor": "rgba(255, 255, 255, 0)",
              "color": "#000000",
              "fontSize": 14,
              "fontWeight": "600",
            }
          }
          testID="paymentValue"
        >
          Ending in 0000
        </Text>
        <View
          style={
            Object {
              "alignItems": "flex-end",
              "flex": 1,
              "justifyContent": "center",
            }
          }
        >
          <Text
            accessible={true}
            allowFontScaling={false}
            ellipsizeMode="tail"
            style={
              Array [
                Object {
                  "color": "#999999",
                  "fontSize": 16,
                },
                undefined,
                Object {
                  "fontFamily": "Material Icons",
                  "fontStyle": "normal",
                  "fontWeight": "normal",
                },
              ]
            }
          >
            
          </Text>
        </View>
      </View>
    </View>
  </View>
</View>
`;

exports[`SummarySection should render properly to snapshot 1`] = `
<View
  style={
    Object {
      "marginHorizontal": 15,
      "marginVertical": 7.5,
    }
  }
>
  <View
    accessible={true}
    isTVSelectable={true}
    onResponderGrant={[Function]}
    onResponderMove={[Function]}
    onResponderRelease={[Function]}
    onResponderTerminate={[Function]}
    onResponderTerminationRequest={[Function]}
    onStartShouldSetResponder={[Function]}
    style={
      Object {
        "flexBasis": 150,
        "opacity": 1,
      }
    }
  >
    <View
      style={
        Array [
          Object {
            "backgroundColor": "#FFFFFF",
            "paddingHorizontal": 15,
            "paddingVertical": 10,
          },
          undefined,
          false,
        ]
      }
    >
      <View
        style={
          Object {
            "marginRight": 15,
          }
        }
      >
        <View
          style={Object {}}
        >
          <Text
            accessible={true}
            allowFontScaling={true}
            ellipsizeMode="tail"
            numberOfLines={1}
            style={
              Array [
                Object {
                  "backgroundColor": "rgba(255, 255, 255, 0)",
                  "color": "rgb(30, 30, 30)",
                  "fontSize": 14,
                  "fontWeight": "300",
                },
                undefined,
              ]
            }
          >
            Emailing receipt to
          </Text>
        </View>
      </View>
      <View
        style={
          Array [
            Object {
              "alignItems": "center",
              "flex": 1,
              "flexDirection": "row",
              "justifyContent": "space-between",
            },
            undefined,
          ]
        }
      >
        <Text
          accessible={true}
          allowFontScaling={true}
          ellipsizeMode="tail"
          numberOfLines={1}
          style={
            Object {
              "backgroundColor": "rgba(255, 255, 255, 0)",
              "color": "#000000",
              "fontSize": 14,
              "fontWeight": "600",
            }
          }
          testID="emailValue"
        />
        <View
          style={
            Object {
              "alignItems": "flex-end",
              "flex": 1,
              "justifyContent": "center",
            }
          }
        >
          <Text
            accessible={true}
            allowFontScaling={false}
            ellipsizeMode="tail"
            style={
              Array [
                Object {
                  "color": "#999999",
                  "fontSize": 16,
                },
                undefined,
                Object {
                  "fontFamily": "Material Icons",
                  "fontStyle": "normal",
                  "fontWeight": "normal",
                },
              ]
            }
          >
            
          </Text>
        </View>
      </View>
    </View>
  </View>
  <View
    accessible={true}
    isTVSelectable={true}
    onResponderGrant={[Function]}
    onResponderMove={[Function]}
    onResponderRelease={[Function]}
    onResponderTerminate={[Function]}
    onResponderTerminationRequest={[Function]}
    onStartShouldSetResponder={[Function]}
    style={
      Object {
        "flexBasis": 150,
        "opacity": 1,
      }
    }
  >
    <View
      style={
        Array [
          Object {
            "backgroundColor": "#FFFFFF",
            "paddingHorizontal": 15,
            "paddingVertical": 10,
          },
          undefined,
          false,
        ]
      }
    >
      <View
        style={
          Object {
            "marginRight": 15,
          }
        }
      >
        <View
          style={Object {}}
        >
          <Text
            accessible={true}
            allowFontScaling={true}
            ellipsizeMode="tail"
            numberOfLines={1}
            style={
              Array [
                Object {
                  "backgroundColor": "rgba(255, 255, 255, 0)",
                  "color": "rgb(30, 30, 30)",
                  "fontSize": 14,
                  "fontWeight": "300",
                },
                undefined,
              ]
            }
          >
            Shipping to
          </Text>
        </View>
      </View>
      <View
        style={
          Array [
            Object {
              "alignItems": "center",
              "flex": 1,
              "flexDirection": "row",
              "justifyContent": "space-between",
            },
            undefined,
          ]
        }
      >
        <Text
          accessible={true}
          allowFontScaling={true}
          ellipsizeMode="tail"
          numberOfLines={1}
          style={
            Object {
              "backgroundColor": "rgba(255, 255, 255, 0)",
              "color": "#000000",
              "fontSize": 14,
              "fontWeight": "600",
            }
          }
          testID="shippingValue"
        >
          
        </Text>
        <View
          style={
            Object {
              "alignItems": "flex-end",
              "flex": 1,
              "justifyContent": "center",
            }
          }
        >
          <Text
            accessible={true}
            allowFontScaling={false}
            ellipsizeMode="tail"
            style={
              Array [
                Object {
                  "color": "#999999",
                  "fontSize": 16,
                },
                undefined,
                Object {
                  "fontFamily": "Material Icons",
                  "fontStyle": "normal",
                  "fontWeight": "normal",
                },
              ]
            }
          >
            
          </Text>
        </View>
      </View>
    </View>
  </View>
  <View
    accessible={true}
    isTVSelectable={true}
    onResponderGrant={[Function]}
    onResponderMove={[Function]}
    onResponderRelease={[Function]}
    onResponderTerminate={[Function]}
    onResponderTerminationRequest={[Function]}
    onStartShouldSetResponder={[Function]}
    style={
      Object {
        "flexBasis": 150,
        "opacity": 1,
      }
    }
  >
    <View
      style={
        Array [
          Object {
            "backgroundColor": "#FFFFFF",
            "paddingHorizontal": 15,
            "paddingVertical": 10,
          },
          undefined,
          false,
        ]
      }
    >
      <View
        style={
          Object {
            "marginRight": 15,
          }
        }
      >
        <View
          style={Object {}}
        >
          <Text
            accessible={true}
            allowFontScaling={true}
            ellipsizeMode="tail"
            numberOfLines={1}
            style={
              Array [
                Object {
                  "backgroundColor": "rgba(255, 255, 255, 0)",
                  "color": "rgb(30, 30, 30)",
                  "fontSize": 14,
                  "fontWeight": "300",
                },
                undefined,
              ]
            }
          >
            Payment via
          </Text>
        </View>
      </View>
      <View
        style={
          Array [
            Object {
              "alignItems": "center",
              "flex": 1,
              "flexDirection": "row",
              "justifyContent": "space-between",
            },
            undefined,
          ]
        }
      >
        <Text
          accessible={true}
          allowFontScaling={false}
          ellipsizeMode="tail"
          style={
            Array [
              Object {
                "color": "rgb(30, 30, 30)",
                "fontSize": 16,
              },
              Object {
                "marginRight": 7.5,
              },
              Object {
                "fontFamily": "FontAwesome",
                "fontStyle": "normal",
                "fontWeight": "normal",
              },
            ]
          }
        >
          
        </Text>
        <Text
          accessible={true}
          allowFontScaling={true}
          ellipsizeMode="tail"
          numberOfLines={1}
          style={
            Object {
              "backgroundColor": "rgba(255, 255, 255, 0)",
              "color": "#000000",
              "fontSize": 14,
              "fontWeight": "600",
            }
          }
          testID="paymentValue"
        >
          Ending in undefined
        </Text>
        <View
          style={
            Object {
              "alignItems": "flex-end",
              "flex": 1,
              "justifyContent": "center",
            }
          }
        >
          <Text
            accessible={true}
            allowFontScaling={false}
            ellipsizeMode="tail"
            style={
              Array [
                Object {
                  "color": "#999999",
                  "fontSize": 16,
                },
                undefined,
                Object {
                  "fontFamily": "Material Icons",
                  "fontStyle": "normal",
                  "fontWeight": "normal",
                },
              ]
            }
          >
            
          </Text>
        </View>
      </View>
    </View>
  </View>
</View>
`;
