// Jest Snapshot v1, https://goo.gl/fbAQLP

exports[`Filter should render to snapshot - search:false 1`] = `
<Component
  style={
    Array [
      Object {
        "flex": 1,
      },
      undefined,
    ]
  }
>
  <inject-Price />
  <inject-Discount />
  <inject-Brands
    headerStyle={Object {}}
  />
  <inject-Colors
    headerStyle={Object {}}
  />
  <inject-Sizes
    headerStyle={Object {}}
  />
</Component>
`;

exports[`Filter should render to snapshot - search:true 1`] = `
<Component
  style={
    Array [
      Object {
        "flex": 1,
      },
      undefined,
    ]
  }
>
  <inject-Price />
  <inject-Discount />
  <inject-Brands
    headerStyle={Object {}}
  />
  <inject-Colors
    headerStyle={Object {}}
  />
  <inject-Sizes
    headerStyle={Object {}}
  />
</Component>
`;
