// Jest Snapshot v1, https://goo.gl/fbAQLP

exports[`Filter should render to snapshot 1`] = `
<Component
  style={
    Object {
      "flex": 1,
    }
  }
>
  <Text
    accessible={true}
    allowFontScaling={true}
    ellipsizeMode="tail"
    style={
      Object {
        "backgroundColor": "rgba(255, 255, 255, 0)",
        "color": "rgb(30, 30, 30)",
        "fontSize": 22,
        "fontWeight": "700",
        "marginBottom": 15,
      }
    }
  >
    Sort
  </Text>
  <inject-Sort />
  <Component
    style={
      Object {
        "height": 25,
      }
    }
  />
  <Text
    accessible={true}
    allowFontScaling={true}
    ellipsizeMode="tail"
    style={
      Object {
        "backgroundColor": "rgba(255, 255, 255, 0)",
        "color": "rgb(30, 30, 30)",
        "fontSize": 22,
        "fontWeight": "700",
        "marginBottom": 15,
      }
    }
  >
    Filters
  </Text>
  <Text
    accessible={true}
    allowFontScaling={true}
    ellipsizeMode="tail"
    style={Object {}}
  >
    By price
  </Text>
  <inject-Price />
  <Text
    accessible={true}
    allowFontScaling={true}
    ellipsizeMode="tail"
    style={Object {}}
  >
    By minimum discount %
  </Text>
  <inject-Discount />
  <inject-Brands
    headerStyle={Object {}}
  />
  <inject-Colors
    headerStyle={Object {}}
  />
  <inject-Sizes
    headerStyle={Object {}}
  />
  <inject-Categories />
</Component>
`;
