// Jest Snapshot v1, https://goo.gl/fbAQLP

exports[`Order Order: should render the flatlist properly 1`] = `
<View>
  <View
    style={
      Array [
        Object {
          "flexBasis": 150,
        },
        undefined,
        undefined,
      ]
    }
  >
    <View
      style={
        Array [
          Object {
            "backgroundColor": "#FFFFFF",
            "paddingHorizontal": 15,
            "paddingVertical": 10,
          },
          Object {
            "alignItems": "center",
            "flexDirection": "row",
            "justifyContent": "space-between",
          },
        ]
      }
    >
      <View
        style={
          Object {
            "marginRight": 15,
          }
        }
      >
        <View
          style={Object {}}
        >
          <Text
            accessible={true}
            allowFontScaling={true}
            ellipsizeMode="tail"
            numberOfLines={1}
            style={
              Array [
                Object {
                  "backgroundColor": "rgba(255, 255, 255, 0)",
                  "color": "rgb(30, 30, 30)",
                  "fontSize": 14,
                  "fontWeight": "300",
                },
                undefined,
              ]
            }
          >
            Friday, June 1st, 2018
          </Text>
        </View>
      </View>
      <View
        style={
          Object {
            "flex": 1,
          }
        }
      />
    </View>
  </View>
  <View
    style={
      Object {
        "marginVertical": 7.5,
      }
    }
  >
    <RCTScrollView
      data={
        Array [
          Object {
            "id": 1,
            "product": Object {
              "brand": "Fenty x Puma",
              "images": Array [
                Object {
                  "height": 100,
                  "imageUrl": "www.fentyxpuma.com/img/1",
                  "width": 100,
                },
              ],
            },
          },
          Object {
            "id": 2,
            "product": Object {
              "brand": "Adidas",
              "images": Array [
                Object {
                  "height": 100,
                  "imageUrl": "www.adidas.com/img/2",
                  "width": 100,
                },
              ],
            },
          },
        ]
      }
      disableVirtualization={false}
      getItem={[Function]}
      getItemCount={[Function]}
      horizontal={false}
      initialNumToRender={10}
      keyExtractor={[Function]}
      maxToRenderPerBatch={10}
      numColumns={1}
      onContentSizeChange={[Function]}
      onEndReachedThreshold={2}
      onLayout={[Function]}
      onMomentumScrollEnd={[Function]}
      onScroll={[Function]}
      onScrollBeginDrag={[Function]}
      onScrollEndDrag={[Function]}
      renderItem={[Function]}
      scrollEnabled={false}
      scrollEventThrottle={50}
      stickyHeaderIndices={Array []}
      updateCellsBatchingPeriod={50}
      viewabilityConfigCallbackPairs={Array []}
      windowSize={21}
    >
      <View>
        <View
          onLayout={[Function]}
          style={null}
        >
          <View
            style={
              Object {
                "alignItems": "center",
                "backgroundColor": "#FFFFFF",
                "borderBottomColor": "#EEEEEE",
                "borderBottomWidth": 0.5,
                "flexDirection": "row",
                "justifyContent": "flex-start",
                "padding": 7.5,
              }
            }
          >
            <View
              style={
                Object {
                  "alignItems": "center",
                  "height": 187.5,
                  "justifyContent": "center",
                  "width": 187.5,
                }
              }
            >
              <View
                style={
                  Object {
                    "backgroundColor": "rgba(255, 255, 255, 0)",
                    "height": 100,
                    "overflow": "hidden",
                    "width": 100,
                  }
                }
              >
                <Image
                  constrainHeight={187.5}
                  constrainWidth={187.5}
                  onError={[Function]}
                  resizeMode="contain"
                  shouldPinHeight={false}
                  shouldPinWidth={false}
                  source={
                    Object {
                      "uri": "www.fentyxpuma.com/img/1",
                    }
                  }
                  sourceHeight={100}
                  sourceWidth={100}
                  style={
                    Array [
                      Object {
                        "height": 100,
                        "width": 100,
                      },
                    ]
                  }
                />
              </View>
            </View>
            <View
              style={
                Object {
                  "marginLeft": 15,
                  "marginVertical": 15,
                }
              }
            >
              <Text
                accessible={true}
                allowFontScaling={true}
                ellipsizeMode="tail"
                style={
                  Object {
                    "backgroundColor": "rgba(255, 255, 255, 0)",
                    "color": "rgb(30, 30, 30)",
                    "fontSize": 14,
                    "fontWeight": "300",
                  }
                }
              >
                Fenty x Puma
              </Text>
              <View
                style={
                  Array [
                    Object {
                      "marginTop": 7.5,
                    },
                    false,
                  ]
                }
              >
                <Text
                  accessible={true}
                  allowFontScaling={true}
                  ellipsizeMode="tail"
                  style={
                    Array [
                      Object {
                        "backgroundColor": "rgba(255, 255, 255, 0)",
                        "color": "rgb(30, 30, 30)",
                        "fontSize": 14,
                        "fontWeight": "300",
                      },
                      Object {
                        "color": "#000000",
                        "fontWeight": "600",
                      },
                      false,
                    ]
                  }
                >
                  Incomplete
                </Text>
              </View>
            </View>
          </View>
        </View>
        <View
          onLayout={[Function]}
          style={null}
        >
          <View
            style={
              Object {
                "alignItems": "center",
                "backgroundColor": "#FFFFFF",
                "borderBottomColor": "#EEEEEE",
                "borderBottomWidth": 0.5,
                "flexDirection": "row",
                "justifyContent": "flex-start",
                "padding": 7.5,
              }
            }
          >
            <View
              style={
                Object {
                  "alignItems": "center",
                  "height": 187.5,
                  "justifyContent": "center",
                  "width": 187.5,
                }
              }
            >
              <View
                style={
                  Object {
                    "backgroundColor": "rgba(255, 255, 255, 0)",
                    "height": 100,
                    "overflow": "hidden",
                    "width": 100,
                  }
                }
              >
                <Image
                  constrainHeight={187.5}
                  constrainWidth={187.5}
                  onError={[Function]}
                  resizeMode="contain"
                  shouldPinHeight={false}
                  shouldPinWidth={false}
                  source={
                    Object {
                      "uri": "www.adidas.com/img/2",
                    }
                  }
                  sourceHeight={100}
                  sourceWidth={100}
                  style={
                    Array [
                      Object {
                        "height": 100,
                        "width": 100,
                      },
                    ]
                  }
                />
              </View>
            </View>
            <View
              style={
                Object {
                  "marginLeft": 15,
                  "marginVertical": 15,
                }
              }
            >
              <Text
                accessible={true}
                allowFontScaling={true}
                ellipsizeMode="tail"
                style={
                  Object {
                    "backgroundColor": "rgba(255, 255, 255, 0)",
                    "color": "rgb(30, 30, 30)",
                    "fontSize": 14,
                    "fontWeight": "300",
                  }
                }
              >
                Adidas
              </Text>
              <View
                style={
                  Array [
                    Object {
                      "marginTop": 7.5,
                    },
                    false,
                  ]
                }
              >
                <Text
                  accessible={true}
                  allowFontScaling={true}
                  ellipsizeMode="tail"
                  style={
                    Array [
                      Object {
                        "backgroundColor": "rgba(255, 255, 255, 0)",
                        "color": "rgb(30, 30, 30)",
                        "fontSize": 14,
                        "fontWeight": "300",
                      },
                      Object {
                        "color": "#000000",
                        "fontWeight": "600",
                      },
                      false,
                    ]
                  }
                >
                  Incomplete
                </Text>
              </View>
            </View>
          </View>
        </View>
      </View>
    </RCTScrollView>
  </View>
</View>
`;
