// Jest Snapshot v1, https://goo.gl/fbAQLP

exports[`Deals/UpcomingCard Deals/UpcomingCard: should render properly 1`] = `
<View
  accessible={true}
  isTVSelectable={true}
  onResponderGrant={[Function]}
  onResponderMove={[Function]}
  onResponderRelease={[Function]}
  onResponderTerminate={[Function]}
  onResponderTerminationRequest={[Function]}
  onStartShouldSetResponder={[Function]}
  style={
    Object {
      "opacity": 1,
    }
  }
>
  <View>
    <View
      style={
        Object {
          "backgroundColor": "rgba(255, 255, 255, 0)",
          "height": 100,
          "overflow": "hidden",
          "width": 100,
        }
      }
    >
      <Image
        constrainWidth={720}
        onError={[Function]}
        resizeMode="contain"
        shouldPinHeight={false}
        shouldPinWidth={false}
        source={
          Object {
            "uri": "https://cdn.shopify.com/s/files/1/1976/6885/files/01-Lit-SpringSummer-Sale-App-Banner_1440x.jpg?10230491971092553988",
          }
        }
        sourceHeight={100}
        sourceWidth={100}
        style={
          Array [
            Object {
              "height": 100,
              "width": 100,
            },
          ]
        }
      />
    </View>
    <View
      style={
        Array [
          Object {
            "backgroundColor": "#FFFFFF",
            "marginBottom": 7.5,
          },
          Object {
            "padding": 15,
          },
        ]
      }
    >
      <Text
        accessible={true}
        allowFontScaling={true}
        ellipsizeMode="tail"
        style={
          Object {
            "backgroundColor": "rgba(255, 255, 255, 0)",
            "color": "rgb(30, 30, 30)",
            "fontSize": 22,
            "fontWeight": "700",
            "marginBottom": 7.5,
          }
        }
      >
        In -233 days
      </Text>
      <Text
        accessible={true}
        allowFontScaling={true}
        ellipsizeMode="tail"
        style={
          Object {
            "backgroundColor": "rgba(255, 255, 255, 0)",
            "color": "rgb(30, 30, 30)",
            "fontSize": 16,
            "fontWeight": "300",
          }
        }
      >
        Test Description
      </Text>
    </View>
  </View>
</View>
`;
