// Jest Snapshot v1, https://goo.gl/fbAQLP

exports[`ShippingContent should render properly to snapshot 1`] = `
<View
  style={
    Array [
      Object {
        "backgroundColor": "#FFFFFF",
        "height": 874.3333333333334,
        "marginHorizontal": 15,
        "marginTop": 15,
        "padding": 15,
      },
      undefined,
    ]
  }
>
  <View
    style={
      Object {
        "flex": 1,
        "justifyContent": "center",
      }
    }
  >
    <RCTScrollView
      data={
        Array [
          Object {
            "component": <TouchableOpacity
              activeOpacity={0.2}
              onPress={[Function]}
            >
              <Component>
                <Text
                  accessible={true}
                  allowFontScaling={true}
                  ellipsizeMode="tail"
                  style={
                    Object {
                      "backgroundColor": "rgba(255, 255, 255, 0)",
                      "color": "rgb(30, 30, 30)",
                      "fontSize": 16,
                      "fontWeight": "300",
                    }
                  }
                >
                  .. or enter a new address
                </Text>
              </Component>
            </TouchableOpacity>,
          },
        ]
      }
      disableVirtualization={false}
      getItem={[Function]}
      getItemCount={[Function]}
      horizontal={false}
      initialNumToRender={10}
      keyExtractor={[Function]}
      maxToRenderPerBatch={10}
      numColumns={1}
      onContentSizeChange={[Function]}
      onEndReachedThreshold={2}
      onLayout={[Function]}
      onMomentumScrollEnd={[Function]}
      onScroll={[Function]}
      onScrollBeginDrag={[Function]}
      onScrollEndDrag={[Function]}
      renderItem={[Function]}
      scrollEventThrottle={50}
      stickyHeaderIndices={Array []}
      updateCellsBatchingPeriod={50}
      viewabilityConfigCallbackPairs={Array []}
      windowSize={21}
    >
      <View>
        <View
          onLayout={[Function]}
          style={null}
        >
          <View
            accessible={true}
            isTVSelectable={true}
            onResponderGrant={[Function]}
            onResponderMove={[Function]}
            onResponderRelease={[Function]}
            onResponderTerminate={[Function]}
            onResponderTerminationRequest={[Function]}
            onStartShouldSetResponder={[Function]}
            style={
              Object {
                "opacity": 1,
              }
            }
          >
            <View>
              <Text
                accessible={true}
                allowFontScaling={true}
                ellipsizeMode="tail"
                style={
                  Object {
                    "backgroundColor": "rgba(255, 255, 255, 0)",
                    "color": "rgb(30, 30, 30)",
                    "fontSize": 16,
                    "fontWeight": "300",
                  }
                }
              >
                .. or enter a new address
              </Text>
            </View>
          </View>
        </View>
      </View>
    </RCTScrollView>
  </View>
</View>
`;
