// Jest Snapshot v1, https://goo.gl/fbAQLP

exports[`Address Address: should render properly(snapshot) 1`] = `
<View
  accessible={true}
  isTVSelectable={true}
  onResponderGrant={[Function]}
  onResponderMove={[Function]}
  onResponderRelease={[Function]}
  onResponderTerminate={[Function]}
  onResponderTerminationRequest={[Function]}
  onStartShouldSetResponder={[Function]}
  style={
    Object {
      "opacity": 1,
    }
  }
>
  <View
    style={
      Object {
        "alignItems": "center",
        "backgroundColor": "#FFFFFF",
        "flexDirection": "row",
        "justifyContent": "flex-start",
        "marginVertical": 1,
        "paddingHorizontal": 7.5,
        "paddingVertical": 15,
      }
    }
  >
    <View
      style={
        Object {
          "alignItems": "center",
          "flex": 1,
          "flexDirection": "row",
          "flexWrap": "nowrap",
          "marginLeft": 7.5,
        }
      }
    >
      <Text
        accessible={true}
        allowFontScaling={true}
        ellipsizeMode="tail"
        style={
          Object {
            "backgroundColor": "rgba(255, 255, 255, 0)",
            "color": "rgb(30, 30, 30)",
            "fontSize": 16,
            "fontWeight": "500",
          }
        }
      >
        180 John Street
      </Text>
      <Text
        accessible={true}
        allowFontScaling={true}
        ellipsizeMode="tail"
        style={
          Object {
            "backgroundColor": "rgba(255, 255, 255, 0)",
            "color": "#999999",
            "fontSize": 16,
            "fontWeight": "300",
            "marginLeft": 3.75,
            "paddingRight": 7.5,
            "textAlign": "left",
          }
        }
      >
        Toronto, Ontario, Canada
      </Text>
    </View>
    <View
      accessible={true}
      isTVSelectable={true}
      onResponderGrant={[Function]}
      onResponderMove={[Function]}
      onResponderRelease={[Function]}
      onResponderTerminate={[Function]}
      onResponderTerminationRequest={[Function]}
      onStartShouldSetResponder={[Function]}
      style={
        Object {
          "opacity": 1,
        }
      }
    >
      <BVLinearGradient
        colors={
          Array [
            4294967295,
            16777215,
          ]
        }
        endPoint={
          Object {
            "x": 0,
            "y": 0,
          }
        }
        locations={
          Array [
            0.8,
            1,
          ]
        }
        startPoint={
          Object {
            "x": 1,
            "y": 0,
          }
        }
        style={
          Object {
            "marginHorizontal": 7.5,
          }
        }
      >
        <Text
          accessible={true}
          allowFontScaling={false}
          ellipsizeMode="tail"
          style={
            Array [
              Object {
                "color": "#000000",
                "fontSize": 10,
              },
              Object {
                "marginRight": 6,
              },
              Object {
                "fontFamily": "Entypo",
                "fontStyle": "normal",
                "fontWeight": "normal",
              },
            ]
          }
        >
          
        </Text>
      </BVLinearGradient>
    </View>
    <View
      accessible={true}
      isTVSelectable={true}
      onResponderGrant={[Function]}
      onResponderMove={[Function]}
      onResponderRelease={[Function]}
      onResponderTerminate={[Function]}
      onResponderTerminationRequest={[Function]}
      onStartShouldSetResponder={[Function]}
      style={
        Object {
          "opacity": 1,
        }
      }
    >
      <BVLinearGradient
        colors={
          Array [
            4294967295,
            16777215,
          ]
        }
        endPoint={
          Object {
            "x": 0,
            "y": 0,
          }
        }
        locations={
          Array [
            0.8,
            1,
          ]
        }
        startPoint={
          Object {
            "x": 1,
            "y": 0,
          }
        }
        style={
          Object {
            "marginHorizontal": 7.5,
          }
        }
      >
        <Text
          accessible={true}
          allowFontScaling={false}
          ellipsizeMode="tail"
          style={
            Array [
              Object {
                "color": "#000000",
                "fontSize": 10,
              },
              Object {
                "marginRight": 6,
              },
              Object {
                "fontFamily": "Entypo",
                "fontStyle": "normal",
                "fontWeight": "normal",
              },
            ]
          }
        >
          
        </Text>
      </BVLinearGradient>
    </View>
  </View>
</View>
`;
