// Jest Snapshot v1, https://goo.gl/fbAQLP

exports[`Payment Methods Payment Methods: should render properly 1`] = `
<View>
  <View
    accessible={true}
    isTVSelectable={true}
    onResponderGrant={[Function]}
    onResponderMove={[Function]}
    onResponderRelease={[Function]}
    onResponderTerminate={[Function]}
    onResponderTerminationRequest={[Function]}
    onStartShouldSetResponder={[Function]}
    style={
      Object {
        "opacity": 1,
      }
    }
  >
    <View
      style={
        Object {
          "alignItems": "center",
          "flex": 1,
          "flexDirection": "row",
          "justifyContent": "flex-start",
          "marginHorizontal": 15,
          "marginVertical": 15,
        }
      }
    >
      <Text
        accessible={true}
        allowFontScaling={true}
        ellipsizeMode="tail"
        style={
          Object {
            "backgroundColor": "rgba(255, 255, 255, 0)",
            "color": "#000000",
            "fontSize": 16,
            "fontWeight": "600",
          }
        }
      >
        Payment
      </Text>
      <View
        style={
          Object {
            "alignItems": "center",
            "flex": 1,
            "flexDirection": "row",
            "justifyContent": "flex-start",
            "marginHorizontal": 7.5,
          }
        }
      >
        <Text
          accessible={true}
          allowFontScaling={true}
          ellipsizeMode="tail"
          style={
            Object {
              "backgroundColor": "rgba(255, 255, 255, 0)",
              "color": "rgb(30, 30, 30)",
              "fontSize": 16,
              "fontWeight": "300",
            }
          }
        >
          no payment method selected
        </Text>
      </View>
      <Text
        accessible={true}
        allowFontScaling={false}
        ellipsizeMode="tail"
        style={
          Array [
            Object {
              "color": "#FF0000",
              "fontSize": 20,
            },
            undefined,
            Object {
              "fontFamily": "Entypo",
              "fontStyle": "normal",
              "fontWeight": "normal",
            },
          ]
        }
      >
        
      </Text>
    </View>
  </View>
  <View>
    <View
      style={
        Object {
          "backgroundColor": "#FFFFFF",
          "paddingVertical": 7.5,
        }
      }
    >
      <View
        style={
          Array [
            Object {
              "alignItems": "center",
              "flexDirection": "row",
              "justifyContent": "flex-start",
            },
            Object {
              "flexDirection": "row",
              "justifyContent": "space-between",
            },
          ]
        }
      >
        <View
          accessible={true}
          isTVSelectable={true}
          onResponderGrant={[Function]}
          onResponderMove={[Function]}
          onResponderRelease={[Function]}
          onResponderTerminate={[Function]}
          onResponderTerminationRequest={[Function]}
          onStartShouldSetResponder={[Function]}
          style={
            Object {
              "flex": 2,
              "opacity": 1,
              "padding": 15,
            }
          }
        >
          <View
            style={
              Object {
                "alignItems": "center",
                "flexDirection": "row",
                "justifyContent": "flex-start",
                "paddingBottom": 3.75,
              }
            }
          >
            <View
              accessible={true}
              isTVSelectable={true}
              onResponderGrant={[Function]}
              onResponderMove={[Function]}
              onResponderRelease={[Function]}
              onResponderTerminate={[Function]}
              onResponderTerminationRequest={[Function]}
              onStartShouldSetResponder={[Function]}
              style={
                Object {
                  "opacity": 1,
                }
              }
            >
              <View
                style={
                  Object {
                    "opacity": 0,
                    "transform": Array [
                      Object {
                        "scale": 0.3,
                      },
                    ],
                  }
                }
              >
                <Text
                  accessible={true}
                  allowFontScaling={false}
                  ellipsizeMode="tail"
                  style={
                    Array [
                      Object {
                        "color": null,
                        "fontSize": 10,
                      },
                      undefined,
                      Object {
                        "fontFamily": "Material Icons",
                        "fontStyle": "normal",
                        "fontWeight": "normal",
                      },
                    ]
                  }
                >
                  
                </Text>
              </View>
            </View>
            <Text
              accessible={true}
              allowFontScaling={true}
              ellipsizeMode="tail"
              numberOfLines={1}
              style={
                Array [
                  Object {
                    "backgroundColor": "rgba(255, 255, 255, 0)",
                    "color": "rgb(30, 30, 30)",
                    "flex": 1,
                    "fontSize": 12,
                    "fontWeight": "300",
                    "marginLeft": 3.75,
                  },
                  Object {
                    "color": null,
                  },
                ]
              }
            >
              CREDIT CARD
            </Text>
          </View>
          <View>
            <TextInput
              allowFontScaling={true}
              autoCorrect={false}
              autoFocus={true}
              keyboardType="numeric"
              maxLength={19}
              onChangeText={[Function]}
              onEndEditing={[Function]}
              placeholder="0000 0000 0000 0000"
              style={
                Array [
                  Object {
                    "backgroundColor": "rgba(255, 255, 255, 0)",
                    "color": "#000000",
                    "flex": 1,
                    "fontSize": 14,
                  },
                  false,
                ]
              }
            />
          </View>
        </View>
        <View
          accessible={true}
          isTVSelectable={true}
          onResponderGrant={[Function]}
          onResponderMove={[Function]}
          onResponderRelease={[Function]}
          onResponderTerminate={[Function]}
          onResponderTerminationRequest={[Function]}
          onStartShouldSetResponder={[Function]}
          style={
            Object {
              "flex": 1,
              "opacity": 1,
              "padding": 15,
            }
          }
        >
          <View
            style={
              Object {
                "alignItems": "center",
                "flexDirection": "row",
                "justifyContent": "flex-start",
                "paddingBottom": 3.75,
              }
            }
          >
            <View
              accessible={true}
              isTVSelectable={true}
              onResponderGrant={[Function]}
              onResponderMove={[Function]}
              onResponderRelease={[Function]}
              onResponderTerminate={[Function]}
              onResponderTerminationRequest={[Function]}
              onStartShouldSetResponder={[Function]}
              style={
                Object {
                  "opacity": 1,
                }
              }
            >
              <View
                style={
                  Object {
                    "opacity": 0,
                    "transform": Array [
                      Object {
                        "scale": 0.3,
                      },
                    ],
                  }
                }
              >
                <Text
                  accessible={true}
                  allowFontScaling={false}
                  ellipsizeMode="tail"
                  style={
                    Array [
                      Object {
                        "color": null,
                        "fontSize": 10,
                      },
                      undefined,
                      Object {
                        "fontFamily": "Material Icons",
                        "fontStyle": "normal",
                        "fontWeight": "normal",
                      },
                    ]
                  }
                >
                  
                </Text>
              </View>
            </View>
            <Text
              accessible={true}
              allowFontScaling={true}
              ellipsizeMode="tail"
              numberOfLines={1}
              style={
                Array [
                  Object {
                    "backgroundColor": "rgba(255, 255, 255, 0)",
                    "color": "rgb(30, 30, 30)",
                    "flex": 1,
                    "fontSize": 12,
                    "fontWeight": "300",
                    "marginLeft": 3.75,
                  },
                  Object {
                    "color": null,
                  },
                ]
              }
            >
              EXPIRY
            </Text>
          </View>
          <View>
            <TextInput
              allowFontScaling={true}
              autoCorrect={false}
              keyboardType="numeric"
              maxLength={5}
              onChangeText={[Function]}
              onEndEditing={[Function]}
              placeholder="00/00"
              style={
                Array [
                  Object {
                    "backgroundColor": "rgba(255, 255, 255, 0)",
                    "color": "#000000",
                    "flex": 1,
                    "fontSize": 14,
                  },
                  false,
                ]
              }
            />
          </View>
        </View>
        <View
          accessible={true}
          isTVSelectable={true}
          onResponderGrant={[Function]}
          onResponderMove={[Function]}
          onResponderRelease={[Function]}
          onResponderTerminate={[Function]}
          onResponderTerminationRequest={[Function]}
          onStartShouldSetResponder={[Function]}
          style={
            Object {
              "flex": 1,
              "opacity": 1,
              "padding": 15,
            }
          }
        >
          <View
            style={
              Object {
                "alignItems": "center",
                "flexDirection": "row",
                "justifyContent": "flex-start",
                "paddingBottom": 3.75,
              }
            }
          >
            <View
              accessible={true}
              isTVSelectable={true}
              onResponderGrant={[Function]}
              onResponderMove={[Function]}
              onResponderRelease={[Function]}
              onResponderTerminate={[Function]}
              onResponderTerminationRequest={[Function]}
              onStartShouldSetResponder={[Function]}
              style={
                Object {
                  "opacity": 1,
                }
              }
            >
              <View
                style={
                  Object {
                    "opacity": 0,
                    "transform": Array [
                      Object {
                        "scale": 0.3,
                      },
                    ],
                  }
                }
              >
                <Text
                  accessible={true}
                  allowFontScaling={false}
                  ellipsizeMode="tail"
                  style={
                    Array [
                      Object {
                        "color": null,
                        "fontSize": 10,
                      },
                      undefined,
                      Object {
                        "fontFamily": "Material Icons",
                        "fontStyle": "normal",
                        "fontWeight": "normal",
                      },
                    ]
                  }
                >
                  
                </Text>
              </View>
            </View>
            <Text
              accessible={true}
              allowFontScaling={true}
              ellipsizeMode="tail"
              numberOfLines={1}
              style={
                Array [
                  Object {
                    "backgroundColor": "rgba(255, 255, 255, 0)",
                    "color": "rgb(30, 30, 30)",
                    "flex": 1,
                    "fontSize": 12,
                    "fontWeight": "300",
                    "marginLeft": 3.75,
                  },
                  Object {
                    "color": null,
                  },
                ]
              }
            >
              CVC
            </Text>
          </View>
          <View>
            <TextInput
              allowFontScaling={true}
              autoCorrect={false}
              keyboardType="numeric"
              maxLength={3}
              onChangeText={[Function]}
              onEndEditing={[Function]}
              placeholder="000"
              style={
                Array [
                  Object {
                    "backgroundColor": "rgba(255, 255, 255, 0)",
                    "color": "#000000",
                    "flex": 1,
                    "fontSize": 14,
                  },
                  false,
                ]
              }
            />
          </View>
        </View>
      </View>
      <View
        accessible={true}
        isTVSelectable={true}
        onResponderGrant={[Function]}
        onResponderMove={[Function]}
        onResponderRelease={[Function]}
        onResponderTerminate={[Function]}
        onResponderTerminationRequest={[Function]}
        onStartShouldSetResponder={[Function]}
        style={
          Object {
            "flex": 1,
            "opacity": 1,
            "padding": 15,
          }
        }
      >
        <View
          style={
            Object {
              "alignItems": "center",
              "flexDirection": "row",
              "justifyContent": "flex-start",
              "paddingBottom": 3.75,
            }
          }
        >
          <View
            accessible={true}
            isTVSelectable={true}
            onResponderGrant={[Function]}
            onResponderMove={[Function]}
            onResponderRelease={[Function]}
            onResponderTerminate={[Function]}
            onResponderTerminationRequest={[Function]}
            onStartShouldSetResponder={[Function]}
            style={
              Object {
                "opacity": 1,
              }
            }
          >
            <View
              style={
                Object {
                  "opacity": 0,
                  "transform": Array [
                    Object {
                      "scale": 0.3,
                    },
                  ],
                }
              }
            >
              <Text
                accessible={true}
                allowFontScaling={false}
                ellipsizeMode="tail"
                style={
                  Array [
                    Object {
                      "color": null,
                      "fontSize": 10,
                    },
                    undefined,
                    Object {
                      "fontFamily": "Material Icons",
                      "fontStyle": "normal",
                      "fontWeight": "normal",
                    },
                  ]
                }
              >
                
              </Text>
            </View>
          </View>
          <Text
            accessible={true}
            allowFontScaling={true}
            ellipsizeMode="tail"
            numberOfLines={1}
            style={
              Array [
                Object {
                  "backgroundColor": "rgba(255, 255, 255, 0)",
                  "color": "rgb(30, 30, 30)",
                  "flex": 1,
                  "fontSize": 12,
                  "fontWeight": "300",
                  "marginLeft": 3.75,
                },
                Object {
                  "color": null,
                },
              ]
            }
          >
            CARDHOLDER NAME
          </Text>
        </View>
        <View>
          <TextInput
            allowFontScaling={true}
            autoCapitalize="words"
            autoCorrect={false}
            onChangeText={[Function]}
            onEndEditing={[Function]}
            placeholder="Johnny Appleseed"
            returnKeyType="next"
            style={
              Array [
                Object {
                  "backgroundColor": "rgba(255, 255, 255, 0)",
                  "color": "#000000",
                  "flex": 1,
                  "fontSize": 14,
                },
                false,
              ]
            }
          />
        </View>
      </View>
      <View
        style={
          Object {
            "alignItems": "flex-start",
            "marginHorizontal": 15,
            "marginVertical": 15,
          }
        }
      >
        <View
          accessible={true}
          isTVSelectable={true}
          onResponderGrant={[Function]}
          onResponderMove={[Function]}
          onResponderRelease={[Function]}
          onResponderTerminate={[Function]}
          onResponderTerminationRequest={[Function]}
          onStartShouldSetResponder={[Function]}
          style={
            Object {
              "opacity": 1,
            }
          }
        >
          <View
            style={
              Object {
                "alignItems": "center",
                "backgroundColor": "#9013FE",
                "borderRadius": 15,
                "flexDirection": "row",
                "justifyContent": "center",
                "paddingHorizontal": 30,
                "paddingVertical": 7.5,
              }
            }
          >
            <Text
              accessible={true}
              allowFontScaling={true}
              ellipsizeMode="tail"
              style={
                Object {
                  "backgroundColor": "rgba(255, 255, 255, 0)",
                  "borderBottomColor": "#FFFFFF",
                  "color": "#FFFFFF",
                  "fontSize": 16,
                  "fontWeight": "600",
                }
              }
            >
              USE THIS CARD
            </Text>
          </View>
        </View>
      </View>
    </View>
    <View
      style={
        Object {
          "alignItems": "center",
          "flexDirection": "row",
          "justifyContent": "space-between",
          "marginHorizontal": 93.75,
          "paddingHorizontal": 15,
          "paddingVertical": 15,
        }
      }
    >
      <Text
        accessible={true}
        allowFontScaling={true}
        ellipsizeMode="tail"
        style={
          Object {
            "fontSize": 14,
            "marginRight": 15,
          }
        }
      >
        ⚡️
      </Text>
      <View
        style={
          Object {
            "flex": 1,
          }
        }
      >
        <Text
          accessible={true}
          allowFontScaling={true}
          ellipsizeMode="tail"
          style={
            Array [
              Object {
                "color": "#999999",
                "flex": 1,
                "flexWrap": "wrap",
                "fontSize": 12,
                "marginVertical": 1.5,
              },
              Object {
                "color": "#000000",
                "fontWeight": "600",
              },
            ]
          }
        >
          Payments powered by Stripe
        </Text>
        <Text
          accessible={true}
          allowFontScaling={true}
          ellipsizeMode="tail"
          style={
            Object {
              "color": "#999999",
              "flex": 1,
              "flexWrap": "wrap",
              "fontSize": 12,
              "marginVertical": 1.5,
            }
          }
        >
          Your credit card data is handled securely by Stripe and never stored on our servers
        </Text>
      </View>
    </View>
  </View>
</View>
`;
