// Jest Snapshot v1, https://goo.gl/fbAQLP

exports[`Category filter Category filter: should render to snapshot 1`] = `
<Component>
  <Text
    accessible={true}
    allowFontScaling={true}
    ellipsizeMode="tail"
  >
    By type
  </Text>
  <FlatList
    contentContainerStyle={
      Object {
        "paddingVertical": 7.5,
      }
    }
    data={
      Array [
        Object {
          "fetchPath": "test",
          "title": "Test",
        },
        Object {
          "fetchPath": "test2",
          "title": "Another test",
        },
      ]
    }
    disableVirtualization={false}
    horizontal={false}
    initialNumToRender={10}
    keyExtractor={[Function]}
    maxToRenderPerBatch={10}
    numColumns={1}
    onEndReachedThreshold={2}
    renderItem={[Function]}
    scrollEnabled={false}
    scrollEventThrottle={50}
    updateCellsBatchingPeriod={50}
    windowSize={21}
  />
</Component>
`;
